// Jest Snapshot v1, https://goo.gl/fbAQLP

exports[`InfoGroup renders the heading and description correctly 1`] = `
<DocumentFragment>
  <div
    class="chakra-stack css-mw8ufx"
  >
    <p
      class="chakra-text css-1exsflz"
    >
      Test Heading
    </p>
    <p
      class="chakra-text css-fa5uwm"
    >
      Test description for the InfoGroup component.
    </p>
  </div>
</DocumentFragment>
`;
